// Jest Snapshot v1, https://jestjs.io/docs/snapshot-testing

exports[`readTranslationFiles should match snapshot for translation files structure 1`] = `
[
  {
    "filePath": "/Users/Bleza/Documents/i18next-ai-translator/src/__tests__/__test-locales-read__/en.json",
    "locale": "en",
    "translations": {
      "nested": {
        "key": "value",
      },
      "welcome": "Welcome",
    },
  },
]
`;
